main.c:74:6:EXTI2_3_IRQHandler	0	static
main.c:84:6:noToggleLedOff	0	static
main.c:25:5:main	16	static
main.c:88:6:noToggleLedOn	0	static
main.c:92:6:Toggle2s	0	static
main.c:99:6:Toggle1s	0	static
main.c:106:6:Toggle05s	0	static
main.c:113:6:Toggle01s	0	static
main.c:120:6:display0mode	0	static
main.c:125:6:display1mode	0	static
main.c:130:6:display2mode	0	static
main.c:135:6:display3mode	0	static
main.c:140:6:display4mode	0	static
main.c:145:6:display5mode	0	static
main.c:150:6:delay	8	static
